// Jest Snapshot v1, https://goo.gl/fbAQLP

exports[`About component matches snapshot Dom node structure 1`] = `<DocumentFragment />`;
